// Jest Snapshot v1, https://goo.gl/fbAQLP

exports[`Pruebas sobre archivo InsumosContainer.js se debe mostrar correctamente <InsumosContainer /> 1`] = `
Array [
  <div
    className="
                    flex
                    mb-4
                    overflow-hidden
                    max-h-0
                    duration-300
                "
  />,
  <ul
    className=""
  >
    <li
      className="mb-3"
      key="Aceite de Oliva-0-function random() { [native code] }"
      onClick={[Function]}
    >
      <div
        className="
                duration-200
                rounded-lg undefined
                border border-solid border-warmGray-300
            "
      >
        <dl
          className="flex p-2 overflow-hidden relative"
        >
          <div
            className="flex flex-auto"
          >
            <dt
              className="
                duration-200
                flex-auto
                text-2xl font-bold text-warmGray-400
                pr-6
            "
            >
              Aceite de Oliva
            </dt>
          </div>
          <div
            className="
                absolute right-0
                pr-2
                bg-warmGray-100
                flex
                transform translate-x-24
                border border-solid border-white
                rounded-l-full
                duration-300
            "
          >
            <button
              className="
                    bg-white
                    icon-circle-left
                    flex items-center justify-center
                    text-warmGray-500
                    text-2xl
                    transform rotate-0
                    w-10
                    false
                    border border-solid border-white
                    duration-300
                "
              onClick={[Function]}
              type="button"
            />
            <div
              className=" grid grid-cols-2 gap-2 "
            >
              <button
                className=" icon-pencil px-2 text-2xl text-blue-500 "
              />
              <button
                className=" icon-bin2 px-2 text-2xl text-rose-500 "
              />
            </div>
          </div>
        </dl>
        <div
          className="
                        rounded-br-lg rounded-bl-lg
                        bg-warmGray-100
                        p-1
                    "
        >
          <ul
            className="flex flex-wrap"
          >
            <li
              className="
                            bg-white
                            text-xs text-warmGray-800
                            m-1 p-1
                        "
              key="500ml-0-function random() { [native code] }"
            >
              500ml
            </li>
            <li
              className="
                            bg-white
                            text-xs text-warmGray-800
                            m-1 p-1
                        "
              key="Carbonell-1-function random() { [native code] }"
            >
              Carbonell
            </li>
            <li
              className="
                            bg-white
                            text-xs text-warmGray-800
                            m-1 p-1
                        "
              key="metro-2-function random() { [native code] }"
            >
              metro
            </li>
            <li
              className="
                            bg-white
                            text-xs text-warmGray-800
                            m-1 p-1
                        "
              key="2 und-3-function random() { [native code] }"
            >
              2 und
            </li>
          </ul>
        </div>
      </div>
    </li>
  </ul>,
  <div
    className=" grid grid-cols-5 fixed bottom-0 left-0 w-full h-16 bg-white border-t border-solid border-warmGray-300 shadow-inner "
  >
    <button
      className="icon-checkmark text-lime-400 text-3xl"
      onClick={[Function]}
      title="Seleccionar todo"
    />
    <button
      className=" icon-checkmark text-3xl text-warmGray-300 "
      onClick={[Function]}
      title="Deseleccionar todo"
    />
    <button
      className="icon-search text-3xl text-rose-500"
      onClick={[Function]}
      title="Buscar"
    />
    <button
      className="icon-filter text-3xl text-blue-400"
      onClick={[Function]}
      title="Filtrar"
    />
    <button
      className=" icon-plus text-3xl text-lime-600 "
      onClick={[Function]}
      title="Agregar"
    />
  </div>,
]
`;
